node.exe : ΓÜá Warning: Next.js inferred your workspace root, but it may not be correct.
At C:\Program Files\nodejs\npx.ps1:29 char:3
+   & $NODE_EXE $NPX_CLI_JS $args
+   ~~~~~~~~~~~~~~~~~~~~~~~~~~~~~
    + CategoryInfo          : NotSpecified: (ΓÜá Warning: Ne...not be correct.:String) [], RemoteEx 
   ception
    + FullyQualifiedErrorId : NativeCommandError
 
 We detected multiple lockfiles and selected the directory of C:\Users\biswa\package-lock.json as 
the root directory.
 To silence this warning, set `turbopack.root` in your Next.js config, or consider removing one of 
the lockfiles if it's not needed.
   See https://nextjs.org/docs/app/api-reference/config/next-config-js/turbopack#root-directory for 
more information.
 Detected additional lockfiles: 
   * C:\Users\biswa\OneDrive\Desktop\ET 
Hackathon\et-investor-intelligence\frontend\package-lock.json

Γû▓ Next.js 16.2.1 (Turbopack)

  Creating an optimized production build ...

> Build error occurred
Error: Turbopack build failed with 2 errors:
./OneDrive/Desktop/ET 
Hackathon/et-investor-intelligence/frontend/src/components/radar/SignalFeed.tsx:47:51
Unexpected token. Did you mean `{'>'}` or `&gt;`?
  [90m45 |[0m           >
  [90m46 |[0m             <option value=[32m"all"[0m>[33mAll[0m [33mSignals[0m</option>
[31m[1m>[0m [90m47 |[0m             <option value=[32m"high"[0m>[33mHigh[0m 
[33mConfidence[0m (>[35m70[0m%)</option>
  [90m   |[0m                                                   [31m[1m^[0m
  [90m48 |[0m             <option value=[32m"medium"[0m>[33mActionable[0m 
(>[35m40[0m%)</option>
  [90m49 |[0m           </select>
  [90m50 |[0m         </div>

Parsing ecmascript source code failed

Import trace:
  Server Component:
    ./OneDrive/Desktop/ET 
Hackathon/et-investor-intelligence/frontend/src/components/radar/SignalFeed.tsx
    ./OneDrive/Desktop/ET Hackathon/et-investor-intelligence/frontend/src/app/radar/page.tsx


./OneDrive/Desktop/ET 
Hackathon/et-investor-intelligence/frontend/src/components/radar/SignalFeed.tsx:48:48
Unexpected token. Did you mean `{'>'}` or `&gt;`?
  [90m46 |[0m             <option value=[32m"all"[0m>[33mAll[0m [33mSignals[0m</option>
  [90m47 |[0m             <option value=[32m"high"[0m>[33mHigh[0m [33mConfidence[0m 
(>[35m70[0m%)</option>
[31m[1m>[0m [90m48 |[0m             <option value=[32m"medium"[0m>[33mActionable[0m 
(>[35m40[0m%)</option>
  [90m   |[0m                                                [31m[1m^[0m
  [90m49 |[0m           </select>
  [90m50 |[0m         </div>
  [90m51 |[0m

Parsing ecmascript source code failed

Import trace:
  Server Component:
    ./OneDrive/Desktop/ET 
Hackathon/et-investor-intelligence/frontend/src/components/radar/SignalFeed.tsx
    ./OneDrive/Desktop/ET Hackathon/et-investor-intelligence/frontend/src/app/radar/page.tsx


    at <unknown> (./OneDrive/Desktop/ET 
Hackathon/et-investor-intelligence/frontend/src/components/radar/SignalFeed.tsx:47:51)
    at <unknown> (./OneDrive/Desktop/ET 
Hackathon/et-investor-intelligence/frontend/src/components/radar/SignalFeed.tsx:48:48)
